{"__type":"$$EventMessageAudit","id":"d42f7f58-e786-4a82-9adf-8198c988e02c","ts":"2026-07-05T19:59:35.474+05:30","eventName":"n8n.audit.workflow.created","message":"n8n.audit.workflow.created","payload":{"userId":"c6416156-d3bc-4cdc-8a96-e051e927e954","_email":"sujalbhavsar123@gmail.com","_firstName":"SUJAL","_lastName":"BHAVSAR","globalRole":"global:owner","workflowId":"NF6zSEOD8DmI0vb2","workflowName":"My workflow"}}
{"__type":"$$EventMessageConfirm","confirm":"d42f7f58-e786-4a82-9adf-8198c988e02c","ts":"2026-07-05T19:59:35.476+05:30","source":{"id":"0","name":"eventBus"}}
{"__type":"$$EventMessageAudit","id":"582a3fd2-53e3-4138-a826-986308ee90f9","ts":"2026-07-05T19:59:43.568+05:30","eventName":"n8n.audit.workflow.updated","message":"n8n.audit.workflow.updated","payload":{"userId":"c6416156-d3bc-4cdc-8a96-e051e927e954","_email":"sujalbhavsar123@gmail.com","_firstName":"SUJAL","_lastName":"BHAVSAR","globalRole":"global:owner","workflowId":"NF6zSEOD8DmI0vb2","workflowName":"My workflow"}}
{"__type":"$$EventMessageConfirm","confirm":"582a3fd2-53e3-4138-a826-986308ee90f9","ts":"2026-07-05T19:59:43.569+05:30","source":{"id":"0","name":"eventBus"}}
{"__type":"$$EventMessageAudit","id":"007be38b-ae57-485a-9d99-9c42969dd2bd","ts":"2026-07-05T20:00:04.210+05:30","eventName":"n8n.audit.workflow.updated","message":"n8n.audit.workflow.updated","payload":{"userId":"c6416156-d3bc-4cdc-8a96-e051e927e954","_email":"sujalbhavsar123@gmail.com","_firstName":"SUJAL","_lastName":"BHAVSAR","globalRole":"global:owner","workflowId":"NF6zSEOD8DmI0vb2","workflowName":"My workflow"}}
{"__type":"$$EventMessageConfirm","confirm":"007be38b-ae57-485a-9d99-9c42969dd2bd","ts":"2026-07-05T20:00:04.211+05:30","source":{"id":"0","name":"eventBus"}}
{"__type":"$$EventMessageAudit","id":"43c8c755-6ff9-4e6d-8b06-95d01bcc8e45","ts":"2026-07-05T21:20:06.173+05:30","eventName":"n8n.audit.workflow.updated","message":"n8n.audit.workflow.updated","payload":{"userId":"c6416156-d3bc-4cdc-8a96-e051e927e954","_email":"sujalbhavsar123@gmail.com","_firstName":"SUJAL","_lastName":"BHAVSAR","globalRole":"global:owner","workflowId":"NF6zSEOD8DmI0vb2","workflowName":"My workflow"}}
{"__type":"$$EventMessageConfirm","confirm":"43c8c755-6ff9-4e6d-8b06-95d01bcc8e45","ts":"2026-07-05T21:20:06.174+05:30","source":{"id":"0","name":"eventBus"}}
{"__type":"$$EventMessageAudit","id":"ccca22ef-2746-4e2a-85bc-13a4b54ccc16","ts":"2026-07-05T21:21:36.196+05:30","eventName":"n8n.audit.user.credentials.created","message":"n8n.audit.user.credentials.created","payload":{"userId":"c6416156-d3bc-4cdc-8a96-e051e927e954","_email":"sujalbhavsar123@gmail.com","_firstName":"SUJAL","_lastName":"BHAVSAR","globalRole":"global:owner","credentialType":"ollamaApi","credentialId":"GY0fqDE6xr7m0RK5","publicApi":false,"projectId":"X4g0ycC00e1hme8b","projectType":"personal","isDynamic":false,"usesExternalSecrets":false,"jweEnabled":false}}
{"__type":"$$EventMessageConfirm","confirm":"ccca22ef-2746-4e2a-85bc-13a4b54ccc16","ts":"2026-07-05T21:21:36.196+05:30","source":{"id":"0","name":"eventBus"}}
{"__type":"$$EventMessageAudit","id":"5ae37d69-33b9-459b-82dc-66d658d792a9","ts":"2026-07-05T11:51:37.745-04:00","eventName":"n8n.audit.workflow.updated","message":"n8n.audit.workflow.updated","payload":{"userId":"c6416156-d3bc-4cdc-8a96-e051e927e954","_email":"sujalbhavsar123@gmail.com","_firstName":"SUJAL","_lastName":"BHAVSAR","globalRole":"global:owner","workflowId":"NF6zSEOD8DmI0vb2","workflowName":"My workflow"}}
{"__type":"$$EventMessageConfirm","confirm":"5ae37d69-33b9-459b-82dc-66d658d792a9","ts":"2026-07-05T11:51:37.745-04:00","source":{"id":"0","name":"eventBus"}}
{"__type":"$$EventMessageAudit","id":"b4d339ae-719a-42a0-8aa1-9c3af8bed951","ts":"2026-07-05T11:51:53.843-04:00","eventName":"n8n.audit.workflow.updated","message":"n8n.audit.workflow.updated","payload":{"userId":"c6416156-d3bc-4cdc-8a96-e051e927e954","_email":"sujalbhavsar123@gmail.com","_firstName":"SUJAL","_lastName":"BHAVSAR","globalRole":"global:owner","workflowId":"NF6zSEOD8DmI0vb2","workflowName":"My workflow"}}
{"__type":"$$EventMessageConfirm","confirm":"b4d339ae-719a-42a0-8aa1-9c3af8bed951","ts":"2026-07-05T11:51:53.843-04:00","source":{"id":"0","name":"eventBus"}}
{"__type":"$$EventMessageAudit","id":"ab7cd5f5-defc-4248-b741-449c09218e44","ts":"2026-07-05T11:57:31.650-04:00","eventName":"n8n.audit.workflow.updated","message":"n8n.audit.workflow.updated","payload":{"userId":"c6416156-d3bc-4cdc-8a96-e051e927e954","_email":"sujalbhavsar123@gmail.com","_firstName":"SUJAL","_lastName":"BHAVSAR","globalRole":"global:owner","workflowId":"NF6zSEOD8DmI0vb2","workflowName":"My workflow"}}
{"__type":"$$EventMessageConfirm","confirm":"ab7cd5f5-defc-4248-b741-449c09218e44","ts":"2026-07-05T11:57:31.650-04:00","source":{"id":"0","name":"eventBus"}}
{"__type":"$$EventMessageAudit","id":"3e260332-c98e-4742-8de0-dab9e10dd8d5","ts":"2026-07-05T11:57:45.236-04:00","eventName":"n8n.audit.workflow.updated","message":"n8n.audit.workflow.updated","payload":{"userId":"c6416156-d3bc-4cdc-8a96-e051e927e954","_email":"sujalbhavsar123@gmail.com","_firstName":"SUJAL","_lastName":"BHAVSAR","globalRole":"global:owner","workflowId":"NF6zSEOD8DmI0vb2","workflowName":"My workflow"}}
{"__type":"$$EventMessageConfirm","confirm":"3e260332-c98e-4742-8de0-dab9e10dd8d5","ts":"2026-07-05T11:57:45.236-04:00","source":{"id":"0","name":"eventBus"}}
{"__type":"$$EventMessageAudit","id":"92740fbd-c24a-488e-bbe7-2d7939c55460","ts":"2026-07-05T11:58:02.317-04:00","eventName":"n8n.audit.workflow.updated","message":"n8n.audit.workflow.updated","payload":{"userId":"c6416156-d3bc-4cdc-8a96-e051e927e954","_email":"sujalbhavsar123@gmail.com","_firstName":"SUJAL","_lastName":"BHAVSAR","globalRole":"global:owner","workflowId":"NF6zSEOD8DmI0vb2","workflowName":"My workflow"}}
{"__type":"$$EventMessageConfirm","confirm":"92740fbd-c24a-488e-bbe7-2d7939c55460","ts":"2026-07-05T11:58:02.317-04:00","source":{"id":"0","name":"eventBus"}}
{"__type":"$$EventMessageAudit","id":"9a7a6d27-c3e5-47c3-bf47-799e594cd013","ts":"2026-07-05T11:58:24.371-04:00","eventName":"n8n.audit.workflow.updated","message":"n8n.audit.workflow.updated","payload":{"userId":"c6416156-d3bc-4cdc-8a96-e051e927e954","_email":"sujalbhavsar123@gmail.com","_firstName":"SUJAL","_lastName":"BHAVSAR","globalRole":"global:owner","workflowId":"NF6zSEOD8DmI0vb2","workflowName":"My workflow"}}
{"__type":"$$EventMessageConfirm","confirm":"9a7a6d27-c3e5-47c3-bf47-799e594cd013","ts":"2026-07-05T11:58:24.372-04:00","source":{"id":"0","name":"eventBus"}}
{"__type":"$$EventMessageAudit","id":"6426eb2f-7413-4010-af01-cc3ae3c7c6e2","ts":"2026-07-05T11:58:38.950-04:00","eventName":"n8n.audit.workflow.updated","message":"n8n.audit.workflow.updated","payload":{"userId":"c6416156-d3bc-4cdc-8a96-e051e927e954","_email":"sujalbhavsar123@gmail.com","_firstName":"SUJAL","_lastName":"BHAVSAR","globalRole":"global:owner","workflowId":"NF6zSEOD8DmI0vb2","workflowName":"My workflow"}}
{"__type":"$$EventMessageConfirm","confirm":"6426eb2f-7413-4010-af01-cc3ae3c7c6e2","ts":"2026-07-05T11:58:38.951-04:00","source":{"id":"0","name":"eventBus"}}
{"__type":"$$EventMessageAudit","id":"b2d5fc3d-2aaf-4042-9518-41115f39b97c","ts":"2026-07-05T12:02:32.255-04:00","eventName":"n8n.audit.workflow.updated","message":"n8n.audit.workflow.updated","payload":{"userId":"c6416156-d3bc-4cdc-8a96-e051e927e954","_email":"sujalbhavsar123@gmail.com","_firstName":"SUJAL","_lastName":"BHAVSAR","globalRole":"global:owner","workflowId":"NF6zSEOD8DmI0vb2","workflowName":"ForgeAI - Planner Agent"}}
{"__type":"$$EventMessageConfirm","confirm":"b2d5fc3d-2aaf-4042-9518-41115f39b97c","ts":"2026-07-05T12:02:32.255-04:00","source":{"id":"0","name":"eventBus"}}
{"__type":"$$EventMessageAudit","id":"3d8ab72a-0d11-485d-a16a-a40b54a2a86b","ts":"2026-07-05T12:02:38.549-04:00","eventName":"n8n.audit.workflow.updated","message":"n8n.audit.workflow.updated","payload":{"userId":"c6416156-d3bc-4cdc-8a96-e051e927e954","_email":"sujalbhavsar123@gmail.com","_firstName":"SUJAL","_lastName":"BHAVSAR","globalRole":"global:owner","workflowId":"NF6zSEOD8DmI0vb2","workflowName":"ForgeAI - Planner Agent"}}
{"__type":"$$EventMessageConfirm","confirm":"3d8ab72a-0d11-485d-a16a-a40b54a2a86b","ts":"2026-07-05T12:02:38.549-04:00","source":{"id":"0","name":"eventBus"}}
{"__type":"$$EventMessageAudit","id":"b46cc084-5587-46b8-9f27-8db49ce50e41","ts":"2026-07-05T12:02:41.470-04:00","eventName":"n8n.audit.workflow.updated","message":"n8n.audit.workflow.updated","payload":{"userId":"c6416156-d3bc-4cdc-8a96-e051e927e954","_email":"sujalbhavsar123@gmail.com","_firstName":"SUJAL","_lastName":"BHAVSAR","globalRole":"global:owner","workflowId":"NF6zSEOD8DmI0vb2","workflowName":"ForgeAI - Planner Agent"}}
{"__type":"$$EventMessageConfirm","confirm":"b46cc084-5587-46b8-9f27-8db49ce50e41","ts":"2026-07-05T12:02:41.470-04:00","source":{"id":"0","name":"eventBus"}}
{"__type":"$$EventMessageAudit","id":"eb4a32da-b475-4889-9943-3959b1d28abc","ts":"2026-07-05T12:02:43.125-04:00","eventName":"n8n.audit.workflow.updated","message":"n8n.audit.workflow.updated","payload":{"userId":"c6416156-d3bc-4cdc-8a96-e051e927e954","_email":"sujalbhavsar123@gmail.com","_firstName":"SUJAL","_lastName":"BHAVSAR","globalRole":"global:owner","workflowId":"NF6zSEOD8DmI0vb2","workflowName":"ForgeAI - Planner Agent"}}
{"__type":"$$EventMessageConfirm","confirm":"eb4a32da-b475-4889-9943-3959b1d28abc","ts":"2026-07-05T12:02:43.126-04:00","source":{"id":"0","name":"eventBus"}}
{"__type":"$$EventMessageAudit","id":"9c2cb6e5-3d76-45ee-82f2-666886619423","ts":"2026-07-05T12:02:45.334-04:00","eventName":"n8n.audit.workflow.updated","message":"n8n.audit.workflow.updated","payload":{"userId":"c6416156-d3bc-4cdc-8a96-e051e927e954","_email":"sujalbhavsar123@gmail.com","_firstName":"SUJAL","_lastName":"BHAVSAR","globalRole":"global:owner","workflowId":"NF6zSEOD8DmI0vb2","workflowName":"ForgeAI - Planner Agent"}}
{"__type":"$$EventMessageConfirm","confirm":"9c2cb6e5-3d76-45ee-82f2-666886619423","ts":"2026-07-05T12:02:45.334-04:00","source":{"id":"0","name":"eventBus"}}
